app/page.tsx(104,8): error TS17008: JSX element 'section' has no corresponding closing tag.
app/page.tsx(158,13): error TS1382: Unexpected token. Did you mean `{'>'}` or `&gt;`?
app/page.tsx(160,15): error TS17002: Expected corresponding JSX closing tag for 'div'.
app/page.tsx(176,7): error TS1005: ')' expected.
app/page.tsx(179,16): error TS1005: ';' expected.
app/page.tsx(179,30): error TS1005: ';' expected.
app/page.tsx(207,7): error TS1128: Declaration or statement expected.
app/page.tsx(210,16): error TS1005: ';' expected.
app/page.tsx(245,7): error TS1128: Declaration or statement expected.
app/page.tsx(248,16): error TS1005: ';' expected.
app/page.tsx(248,34): error TS1005: ';' expected.
app/page.tsx(274,7): error TS1128: Declaration or statement expected.
app/page.tsx(277,16): error TS1005: ';' expected.
app/page.tsx(277,27): error TS1005: ';' expected.
app/page.tsx(330,7): error TS1128: Declaration or statement expected.
app/page.tsx(333,16): error TS1005: ';' expected.
app/page.tsx(354,7): error TS1128: Declaration or statement expected.
app/page.tsx(357,5): error TS1128: Declaration or statement expected.
app/page.tsx(358,3): error TS1109: Expression expected.
